# gpu    pwr  gtemp  mtemp     sm    mem    enc    dec    jpg    ofa   mclk   pclk  pviol  tviol     fb   bar1   ccpm  sbecc  dbecc    pci  rxpci  txpci 
# Idx      W      C      C      %      %      %      %      %      %    MHz    MHz      %   bool     MB     MB     MB   errs   errs   errs   MB/s   MB/s 
    0     21     50      -      0      0      0      0      0      0    405    210      0      0     38      3      0      -      -      0      0      1 
    1     14     52      -      0      0      0      0      0      0    405    210      0      0     15      2      0      -      -      0      0      0 
    0     16     50      -      0      0      0      0      0      0    405    210    100      0     38      3      0      -      -      0      0      1 
    1      7     52      -      0      0      0      0      0      0    405    210    100      0     15      2      0      -      -      0      0      0 
    0     16     50      -      0      0      0      0      0      0    405    210    100      0     38      3      0      -      -      0      0      0 
    1      7     52      -      0      0      0      0      0      0    405    210     76      0     15      2      0      -      -      0      0      0 
    0     16     50      -      0      0      0      0      0      0    405    210    100      0     38      3      0      -      -      0      0      5 
    1      7     52      -      0      0      0      0      0      0    405    210      0      0     15      2      0      -      -      0      0      0 
    0     16     50      -      0      0      0      0      0      0    405    210    100      0     38      3      0      -      -      0      3      1 
    1      8     52      -      0      0      0      0      0      0    405    210      0      0     15      2      0      -      -      0      0      4 
    0     17     50      -      0      0      0      0      0      0    405    210     94      0     38      3      0      -      -      0      0      0 
    1     15     52      -      0      0      0      0      0      0    405    210      2      0     15      2      0      -      -      0      0      0 
    0     24     50      -      0      0      0      0      0      0    405    210      0      0     38      3      0      -      -      0      0      1 
    1     16     52      -      0      0      0      0      0      0    405    210      0      0     15      2      0      -      -      0      0      0 
    0     26     50      -      0      0      0      0      0      0    405    210      6      0     41      4      0      -      -      0      0      0 
    1     12     52      -      0      0      0      0      0      0    405    210      4      0     18      3      0      -      -      0      0      0 
    0     28     50      -      0      0      0      0      0      0    405    210      0      0     41      4      0      -      -      0      0      0 
    1     17     52      -      0      0      0      0      0      0    405    210      0      0     18      3      0      -      -      0      0      1 
    0     28     50      -      0      0      0      0      0      0    405    210     96      0     41      4      0      -      -      0      0      0 
    1      8     52      -      0      0      0      0      0      0    405    210      0      0     18      3      0      -      -      0      0      1 
    0     27     50      -      0      0      0      0      0      0    405    210    100      0     41      4      0      -      -      0      0      0 
    1      8     52      -      0      0      0      0      0      0    405    210      0      0     18      3      0      -      -      0      0      1 
    0     27     50      -      0      0      0      0      0      0    405    210    100      0     41      4      0      -      -      0      0      0 
    1      8     52      -      0      0      0      0      0      0    405    210      0      0     18      3      0      -      -      0      0      0 
    0     65     53      -      0      0      0      0      0      0   9501   1710     39      0    456      6      0      -      -      0      0      0 
    1     61     55      -      0      0      0      0      0      0   9501   1710      0      0    433      5      0      -      -      0      0      0 
    0    115     53      -      0      0      0      0      0      0   9501   1710      0      0   1714      6      0      -      -      0    325     21 
    1    105     55      -      0      0      0      0      0      0   9501   1710      0      0   1699      5      0      -      -      0    357     25 
    0    129     54      -      4      0      0      0      0      0   9501   1950      0      0   1738      6      0      -      -      0     20      0 
    1    127     56      -      6      0      0      0      0      0   9501   1950      0      0   1715      5      0      -      -      0    154     16 
    0    135     55      -      2      1      0      0      0      0   9501   1950      0      0   1744      6      0      -      -      0      9      2 
    1    140     57      -     81      0      0      0      0      0   9501   1950      0      0   1721      5      0      -      -      0      9      0 
    0    124     54      -      0      0      0      0      0      0   9501   1710      4      0   3654      6      0      -      -      0      8      0 
    1    151     58      -    100      1      0      0      0      0   9501   1935      6      0   3639      5      0      -      -      0     12     38 
    0    198     57      -     97     32      0      0      0      0   9501   1920     36      0   4502      6      0      -      -      0   2529   3123 
    1    196     59      -    100     17      0      0      0      0   9501   1935     36      0   4479      5      0      -      -      0   3048   3109 
    0    210     57      -    100      4      0      0      0      0   9501   1350     47      0   4502      6      0      -      -      0     60    357 
    1    201     60      -     85     14      0      0      0      0   9501   1305     37      0   4479      5      0      -      -      0   2935   3137 
    0    210     59      -     76     31      0      0      0      0   9501   1815     43      0   4502      6      0      -      -      0   1155     16 
    1    211     60      -     99     29      0      0      0      0   9501   1875     37      0   4479      5      0      -      -      0     38   1316 
    0    212     58      -    100     22      0      0      0      0   9501   1935     44      0   4502      6      0      -      -      0   2910   3153 
    1    209     60      -    100     12      0      0      0      0   9501   1935     40      0   4479      5      0      -      -      0   2974    497 
    0    207     58      -     96     12      0      0      0      0   9501   1485     38      0   4502      6      0      -      -      0   2832   3245 
    1    201     61      -     58     14      0      0      0      0   9501   1290     38      0   4479      5      0      -      -      0   3051   3142 
# gpu    pwr  gtemp  mtemp     sm    mem    enc    dec    jpg    ofa   mclk   pclk  pviol  tviol     fb   bar1   ccpm  sbecc  dbecc    pci  rxpci  txpci 
# Idx      W      C      C      %      %      %      %      %      %    MHz    MHz      %   bool     MB     MB     MB   errs   errs   errs   MB/s   MB/s 
    1    204     61      -    100     12      0      0      0      0   9501   1860     40      0   4479      5      0      -      -      0   2683      3 
    0    203     60      -     96     12      0      0      0      0   9501   1395     37      0   4502      6      0      -      -      0   3012   3128 
    